confusion	a
uncertainty	a
记不住	a
初心	n
会学习	a
深受其害	a
会不会	a
专四	n
专八	n
四六级	n
四级	n
六级	n
非英语	a
刷题	v
独挡一方	a
有计划	a
有没有	a
是不是	a
好像	a
如何	a
假如	a
是为何	a
百思不得其解	a
百思不解	a
百思莫解	a
半信半疑	a
半疑半信	a
半真半假	a
保不定	a
保不齐	a
保不住	a
保不准	a
变得模糊	a
变得束手无策	a
变化不定	a
变化莫测	a
变化无常	a
变幻	a
变幻不定	a
变幻莫测	a
变幻无常	a
变幻无常的	a
变空	a
变凌乱	a
变模糊	a
不大	a
不大可能	a
不大可能之事	a
不得劲	a
不定	a
不定的	a
不懂	a
不懂的	a
不断引起苦恼	a
不对茬儿	a
不对劲	a
不对头	a
不对头地	a
不敢保证	a
不敢确定	a
不解	a
不解的	a
不解其意	a
不解之谜	a
不可思议	a
不可思议的	a
不可预测	a
不可预测的	a
不可预知	a
不可预知的	a
不可捉摸	a
不可捉摸的	a
不可琢磨	a
不肯定	a
不肯定的	a
不了	a
不了解	a
不理解	a
不明	a
不明白	a
不明不白	a
不明就里	a
不明了	a
不明了的	a
不明确	a
不明确的	a
不那么	a
不那么敢	a
不那么确定	a
不能辨别	a
不能辨别的	a
不能的	a
不能解释	a
不能解释的	a
不能决定	a
不能决定的	a
不能肯定	a
不能肯定的	a
不能明确	a
不能区别	a
不能区别的	a
不能确定	a
不能确定的	a
不清	a
不清不楚	a
不清楚	a
不清楚的	a
不确	a
不确的	a
不确定	a
不确定的	a
不确定性	a
不确切	a
不确实	a
不确实的	a
不确信	a
不确信的	a
不如	a
不适	a
不太	a
不太合理	a
不太可能的	a
不寻常	a
不寻常的	a
不一定	a
不应该	a
不知	a
不知道	a
不知道的	a
不知的	a
不知去向	a
不知深浅	a
不知所措	a
不知所以	a
不知所云	a
不置可否	a
不准	a
不准确	a
猜	a
猜猜	a
猜测	a
猜忌	a
猜嫌	a
猜想	a
猜疑	a
诧	a
诧愕	a
诧异	a
超常	a
超出	a
超乎常理	a
瞠目结舌	a
瞠然	a
成为障碍	a
成问题	a
成问题的	a
吃不准	a
痴愣	a
迟疑	a
迟疑不定	a
迟疑不决	a
持异议	a
踟	a
踟躇	a
踟蹰	a
踟蹰不前	a
愁	a
愁肠百结	a
愁眉不展	a
愁眉紧锁	a
愁眉苦脸	a
愁眉锁眼	a
愁闷	a
愁容满面	a
踌躇	a
踌躇不决	a
踌躇不前	a
出乎	a
出乎意料	a
出乎意料地	a
错	a
错愕	a
错觉	a
打问号	a
大吃一惊	a
大吃一惊的	a
大跌	a
大跌眼镜	a
大惑	a
大惑不解	a
大惊	a
大惊失色	a
呆	a
呆呆	a
呆钝	a
呆若木鸡	a
呆怔	a
呆滞	a
呆住	a
倒底要怎样	a
到底	a
道不明	a
低沉	a
低落	a
低迷	a
短路	a
对..提出异议	a
对..提出质疑	a
顿生疑窦	a
顿足捶胸	a
多嫌	a
多疑	a
多疑的	a
愕	a
愕然	a
发愁	a
发蒙	a
发蒙解惑	a
发怔	a
犯愁	a
犯急	a
犯难	a
犯疑	a
犯疑心病	a
费	a
费解	a
费解的	a
分歧	a
风马牛不相及	a
干什么	a
高深	a
高深莫测	a
搞不懂	a
搞不明白	a
搞不清	a
搞不清楚	a
搞不通	a
搞得	a
搞得一团乱	a
搞的鬼	a
搞鬼	a
搞了鬼	a
搞乱	a
搞屁	a
搞屁啊	a
搞啥鬼	a
搞什么	a
搞什么鬼	a
搞什么名堂	a
搞什麽	a
搞什麽飞机	a
搞什麽鬼	a
搞什麽名堂	a
搞什麽玩意	a
弓影杯蛇	a
古怪	a
古怪的	a
古里古怪	a
怪诞	a
怪诞的	a
怪诞的行动	a
怪诞的事物	a
怪诞的图样	a
怪话	a
怪里怪气	a
怪力乱神	a
怪圈	a
怪异	a
怪异的	a
怪异的东西	a
怪异风格	a
诡不诡异	a
诡异	a
鬼	a
鬼把戏	a
鬼东西	a
鬼怪	a
鬼鬼祟祟	a
鬼玩意	a
还不够	a
还不够乱吗	a
还会做什麽	a
还想怎样	a
含含糊糊	a
含含混混	a
含糊	a
含糊不清	a
含糊的	a
含糊地说	a
含糊地说话	a
含糊话	a
含糊其词	a
含糊其辞	a
含混	a
含混不清	a
含混的	a
含沙射影	a
含有特定意味	a
毫无	a
毫无办法	a
毫无办法的	a
毫无头绪	a
何必	a
何不	a
何尝	a
何妨	a
何苦	a
何苦来哉	a
何去何从	a
很难	a
很难说	a
忽左忽右	a
狐埋狐搰	a
狐疑	a
狐疑不决	a
狐疑未决	a
狐疑之心	a
胡	a
胡里胡涂	a
胡思	a
胡思乱想	a
胡思乱想的	a
胡涂	a
糊糊涂涂	a
糊里糊涂	a
糊涂	a
怀疑	a
怀疑的	a
怀疑论	a
怀疑论的	a
怀疑宗教教条	a
怀疑宗教教条的	a
惶惑	a
混	a
混沌	a
混混沌沌	a
混乱	a
混乱不堪	a
混乱的	a
混为一谈	a
混淆	a
混淆不清	a
混淆国际视听	a
混淆黑白	a
混淆是非	a
惑	a
惑乱	a
将信将疑	a
僵	a
僵持	a
僵持不下	a
僵持状态	a
僵化	a
僵局	a
绞尽脑汁	a
进退两难	a
进退维谷	a
惊疑	a
惊异	a
纠	a
纠结	a
揪	a
揪心	a
揪着	a
举步维艰	a
举措不定	a
举棋不定	a
靠得住么	a
可不可以	a
可能会	a
可是	a
可疑	a
可疑的	a
可争论	a
可争论的	a
可作两种解释	a
空	a
空洞	a
空洞的	a
苦恼	a
苦思冥想	a
困	a
困顿	a
困厄	a
困乏	a
困惑	a
困境	a
困窘	a
困局	a
困倦	a
困苦	a
困难	a
困难的	a
困难重重	a
困迫	a
困扰	a
困在	a
来路不明	a
愣	a
愣怔	a
愣怔怔	a
愣住	a
理不清	a
理不清头绪	a
两难	a
料想不到	a
料想不到的	a
令人费解	a
令人怀疑	a
令人怀疑的	a
令人惊奇	a
令人惊奇的	a
令人头疼	a
令人头疼的	a
令人头痛	a
令人头痛之事	a
驴唇不对马嘴	a
恍惚	a
恍恍惚惚	a
吗	a
嘛	a
满腹	a
满腹狐疑	a
满腹牢骚	a
满腹疑团	a
满腹疑云	a
满面愁容	a
匪夷所思	a
茫	a
茫茫	a
茫茫然	a
茫昧	a
茫然	a
茫然不知	a
茫然的	a
茫然若失	a
茫然失措	a
茫无头绪	a
毛病	a
貌合神离	a
貌似	a
么	a
没把握	a
没办法	a
没边儿	a
没道理	a
没得	a
没得说	a
没法	a
没法儿	a
没法子	a
没辄	a
没准儿	a
蒙	a
蒙蔽	a
蒙哄	a
蒙混	a
蒙胧	a
蒙昧	a
蒙蒙	a
蒙蒙胧胧	a
蒙蒙一片	a
蒙骗	a
蒙圈	a
蒙事	a
瞢	a
朦	a
朦胧	a
朦朦胧胧	a
朦朦一片	a
懵	a
懵逼	a
懵懂	a
懵里懵懂	a
懵懵懂懂	a
弥漫	a
迷糊	a
迷惑	a
迷惑不解	a
迷惑的	a
迷离	a
迷离徜仿	a
迷离扑朔	a
迷离倘恍	a
迷路	a
迷路的	a
迷路者	a
迷乱	a
迷漫	a
迷茫	a
迷茫失措	a
迷蒙	a
迷蒙蒙	a
迷濛	a
迷迷糊糊	a
迷迷茫茫	a
迷迷蒙蒙	a
迷迷怔怔	a
迷失	a
迷失自己	a
迷失自我	a
迷途	a
迷途地	a
迷惘	a
迷雾	a
迷雾重重	a
渺	a
渺茫	a
渺渺	a
渺然	a
渺若烟云	a
缈	a
摸不清	a
摸不着头脑	a
摸不准	a
摸弄	a
模糊	a
模糊不清	a
模糊不清的事物	a
模糊不清地说	a
模糊不清地说话	a
模糊的	a
模棱两端	a
模棱两可	a
模棱两可的	a
模棱两可的话	a
模模糊糊	a
莫测高深	a
莫测高深	a
莫名	a
莫名其妙	a
莫明	a
莫明奇妙	a
目瞪口呆	a
目光空洞	a
目光游离	a
拿不稳	a
拿不准	a
哪	a
哪个	a
哪些	a
哪样	a
纳闷	a
奈何	a
难	a
难道	a
难道是	a
难道说	a
难懂	a
难解	a
难解的	a
难上加难	a
难上难	a
难事	a
难受	a
难说话	a
难题	a
难以	a
难以沟通	a
难以抉择	a
难以明了	a
难以明了的	a
难以忍受	a
难以相信	a
难以选择	a
难以置信	a
难以置信的	a
难以捉摸	a
难以捉摸的	a
难捉摸	a
难捉摸的	a
脑子短路	a
呢	a
能不能	a
你确定	a
你确定吗	a
你是怎样	a
你是怎样啊	a
牛头不对马嘴	a
徘徊	a
盘根错节	a
盘桓	a
彷	a
彷徨	a
旁徨	a
徬徨	a
缥缈	a
平白	a
平白无故	a
凭白无故	a
凭空	a
凭什么	a
凭什麽	a
扑朔迷离	a
奇怪	a
奇怪的	a
奇葩	a
奇形怪状	a
岂不	a
岂非	a
启人疑窦	a
起疑	a
千头万绪	a
前后颠倒	a
前后矛盾	a
前後颠倒	a
前後颠倒的	a
前後矛盾	a
前言不搭后语	a
跷蹊	a
愀	a
求教	a
求解	a
求救	a
求情	a
求求	a
求助	a
曲解	a
悛	a
扰乱	a
绕圈子	a
绕圈子的	a
绕圈子的话	a
如堕云中	a
如果	a
如若	a
啥	a
啥啊	a
啥玩意	a
啥子	a
煽惑	a
闪烁其词	a
上当	a
上当受骗	a
呻吟	a
什么	a
什么的	a
什么嘛	a
神经	a
生疑	a
十有八九	a
十之八九	a
使变空	a
使变模糊	a
使不知所措	a
使短路	a
使发愁	a
使发愣	a
使烦乱	a
使烦恼	a
使烦躁	a
使费解	a
使含糊	a
使糊涂	a
使昏乱	a
使混乱	a
使混淆	a
使极苦闷	a
使僵持	a
使焦虑	a
使紧张	a
使窘迫不安	a
使苦恼	a
使困惑	a
使困窘	a
使临险境	a
使凌乱	a
使茫然	a
使蒙羞	a
使朦胧	a
使迷惑	a
使模糊	a
使难办	a
使蓬乱	a
使束手无策	a
使停顿	a
使头晕眼花	a
使紊乱	a
使无法动棋子	a
使无能为力	a
使无效	a
使陷入	a
使陷入困境	a
使消散	a
使消沈	a
使心慌	a
使一蹶不振	a
使一团糟	a
使晕眩	a
似	a
似懂非懂	a
似乎	a
似是而非	a
是非不分	a
是否	a
是我的错吗	a
是怎样	a
是这样吗	a
受到阻滞	a
受阻	a
受阻止	a
束手无策	a
睡不着	a
说不定	a
说不过去	a
说不清	a
说不清道不明	a
说不准	a
说反话	a
说反话的	a
说含沙射影	a
说含沙射影的话	a
说胡话	a
说模棱两可	a
说模棱两可的话	a
说鸟话	a
思前想后	a
思疑	a
算啥	a
这算啥	a
田里的蚯蚓满肚疑	a
田里的蚯蚓－满肚疑	a
听不清	a
听不明白	a
停留	a
头脑空虚	a
头疼	a
头疼的	a
头痛	a
头痛的	a
头晕	a
头晕的	a
头晕眼花	a
推测	a
万般无奈	a
惘	a
惘然	a
惘然若失	a
微茫	a
为何	a
为难	a
为什么	a
为什么还	a
为什麽还	a
未定	a
未定的	a
未见过的	a
未解决	a
未解决的	a
未开化	a
未开化的	a
未确定	a
未确定的	a
未下定义	a
未下定义的	a
未详细说明	a
未详细说明的	a
未知	a
未知的	a
未知的东西	a
未知数	a
未指明	a
未指明的	a
紊	a
紊乱	a
问号	a
问题	a
无策	a
无从	a
无从下手	a
无法	a
无法辨别	a
无法继续	a
无法解决	a
无法解决的	a
无法进行	a
无法决定	a
无法抉择	a
无法区别	a
无法说明	a
无法选择	a
无法预测	a
无法预料	a
无法预料的	a
无计可施	a
无可奈何	a
无眉目	a
无奈	a
无所适从	a
无头绪	a
无缘无故	a
误区	a
雾里看花	a
雾蒙蒙	a
雾朦胧	a
稀里糊涂	a
现出愁容	a
献疑	a
想不到	a
想不到的	a
想不到地	a
想不开	a
想不明白	a
想不通	a
想怎样	a
淆惑	a
淆乱	a
淆杂	a
眩惑	a
讶然	a
讶异	a
烟雾弥漫	a
烟雾腾腾	a
眼神呆滞	a
眼神迷离	a
幺麽	a
要么	a
要怎样	a
一筹莫展	a
一锅粥	a
一连串	a
一连串问题	a
一脸困惑	a
一脸迷惑	a
一脸疑惑	a
一塌糊涂	a
一头雾水	a
一团乱麻	a
一团漆黑	a
一团疑云	a
一团糟	a
一知半解	a
咦	a
疑	a
疑窦	a
疑惑	a
疑惑不解	a
疑惑不已	a
疑惑懵懂	a
疑忌	a
疑惧	a
疑惧的	a
疑虑	a
疑虑不安	a
疑虑重重	a
疑念	a
疑神疑鬼	a
疑似	a
疑团	a
疑团莫释	a
疑问	a
疑心	a
疑心病	a
疑心的	a
疑心生暗鬼	a
疑义	a
疑议	a
疑有	a
疑云	a
疑云密布	a
疑罪	a
议论	a
议论是非	a
异	a
异常	a
异常的	a
异常的人或物	a
异端	a
异乎	a
异乎寻常	a
异乎寻常的	a
异说	a
异想天开	a
异形	a
异样	a
异样眼光	a
异议	a
意见不合	a
意见分歧	a
意马心猿	a
意义不明确	a
意义不明确的	a
意志消沈	a
邮包掉进水田－半信半疑	a
犹疑	a
犹疑不决	a
犹犹豫豫	a
犹豫	a
犹豫不定	a
犹豫不决	a
犹豫不前	a
犹豫的	a
游离	a
游离不前	a
郁闷	a
缘何	a
晕	a
晕乎	a
晕头晕脑	a
晕头转向	a
晕眩	a
晕眩的	a
晕晕乎乎	a
云谲波诡	a
云里雾里	a
云遮雾障	a
怎地	a
怎么	a
怎么样	a
怎麽搞	a
怎麽搞的	a
怎麽混	a
怎麽混的	a
怎麽这样	a
怎样	a
瞻前顾后	a
辗转	a
辗转反侧	a
丈二和尚摸不着头脑	a
着三不着两	a
真的吗	a
真假	a
真假可疑	a
真假可疑的	a
真假莫辨	a
真假难辨	a
真真假假	a
支吾	a
支支吾吾	a
踯躅	a
止步	a
止步不前	a
质疑	a
质疑问难	a
滞呆	a
置疑	a
众口纷纭	a
众难群移	a
众说纷纭	a
主少国疑	a
抓瞎	a
捉摸不定	a
趑趄不前	a
自相矛盾	a
左思右想	a
左右两难	a
左右为难	a
做什么	a
看书	vt
分开	v
期中考	n
巴凉	a
排篇布局	vi
中性	a
概念性	n
完备性	n
概括性	a
逐利性	n
整体性	n
长性	n
网速	n
没有	a
慢慢	a
提不起	vt
对的	a
不一样	a
怪力乱神	n
拿不下来	a
啰嗦	a
用心良苦	a
手滑	a
从众	a
冥思苦想	vi
呆萌	a
每次	rz
大神	n
不是很	d
不太会	d
不会太	d
不是太	d
会不会	a
不容乐观	a
不见不散	a
既视感	n
不明觉厉	a
翻墙	vi
名头	n
比对	n
通不过	vt
认同	vt
算错	vt
不动点	n
布劳威尔	nr
不错	a
不爽	a
金哨	n
结课	vi
重文轻武	a
在线	a
好不好	d
才行	d
微博	n
较少	a
太少	a
话太多	a
吃货	n
听不清楚	vt
涨姿势	vi
高大上	a
不尽如人意	a
零基础	a
不推荐	vt
无语	a
面瘫	n
太快	a
大牛	n
念经	a
有待商榷 a
不值得	a
捉急	a
米国	n
打不开	vt
看不了	vt
不想听	vt
无趣	a
不好	a
不好听	a
看不起	vt
孤陋	a
寡闻	a
细讲	vi
不会做	vi
一带而过	a
3周	t
1周	t
2周	t
两周	t
一周	t
个小时	t
做完	vt
沃顿	n
学渣	n
向往已久	a
不了解	vi
不对	a
一天	t
两天	t
三天	t
四天	t
随堂	a
吐糟	vi
有口音	a
最大	a
偏低	a
不大	a
比较大	a
阅读量	n
不五毛	a
五毛	a
虎躯一震	a
口水	n
大跌眼镜	a
很累	a
不准确	a
不客观	a
不咋地	a
课件	n
缸中之脑	n
梦中梦	n
毫无意义	a
自说自话	a
不想看	vi
北大	ni
男神	nz
宅女	nz
羞嗔	a
理工	ni
埃尔南德斯	nr
参透	v
本科生	n
错过	a
没意义	a
章回	n
荒废了	a
师大	ni
处女	nz
莫里森	nr
读研	v
花满柔情	an
实用性	n
理性	a
龙磊	nr
相距甚远	a
一波	a
高富帅	nz
赵怀宇	nr
清华	ni
豆腐心	n
厄齐尔	nr
氧吧	nz
汤唯	n
许慧如	nr
教职工寓	nl
中国人	n
她女马	nz
米开朗琪罗	nr
罗云	nr
好笑	a
堕过胎	a
宋殿	nr
你大爷	a
吕老师	nr
弱爆	a
很少	a
211	nz
大四	n
有能力	a
伤不起	v
红中	nz
木楠	nr
木木的	a
你妹	a
妄想	v
翘课	v
荒废	v
宋词	n
川西	nr
不信	vi
嫖资	n
他女马	nz
川大	ni
大专生	n
挂科	a
大学生	n
蛋疼	a﻿
唐诗	n
马可道森	nr
邓晓芒	nr
宋同学	nr
机械式	a
多余	a
森女	n
权棍	nz
这门课	n
白读	a
小野绿	nr
心疼	a
川师大	ni
林夕宝	nr
在一起	v
宋祖	nr
说话	vi
秦皇	nr
有意义	a
浪漫	an
私心掖藏	a
好课	a
萧子翰	nr
不是很枯燥	a
先森	n
胃疼	a
李敬轩	nr
恩怨情仇	n
河明	n
宋文官	nr
林森浩	nr
宋小旭	nr
不严谨	a
985	nz
女神	nz
宋微	nr
萨尔瓦托勒	nr
皮尔洛	nr
中科院	ni
老铁	nr
冯大宝	nr
没有意义	a
黑烟	nz
上镜	vi
云盘	n
教化	v
卓颖	nr
宋涛版	n
宋尔	nr
大一	n
理工大	ni
先讲讲	v
监考老师	n
屌丝	nz
纪德	nr
孤陋寡闻	a
华中	nl
一节	a
搞懂	a
寥寥数语	a
膜拜	a
泷泽萝拉	nr
专科生	n
不敢恭维	a
接风	v
学过	vi
垂头丧气	a
华科	ni
詹姆斯	nr
红二代	nz
万源街	nl
听不懂	a
大三	n
宋杰	nr
看完	vi
念稿子	vi
师范	nl
百家讲坛	nz
皮尔斯	nr
不谙世事	a
不太枯燥	a
线上	a
有逻辑	a
参悟	v
中国风	nz
含糊不清	a
宋大双	nr
宋家庄	nl
李秀丽	nr
要求高	a
咬咬牙	a
宋涛	n
不假	a
白瞎	a
小宋	nr
没有逻辑	a
很差	a
匪浅	ad
宋老师	nr
保研	a
如沐春风	ad
妈的	a
宋青书	nr
弗朗西斯	nr
中建史	n
中景	n
阿尔伯塔大学	ni
官二代	nz
不怎么样	a
太假	a
吐槽	n
时光	
考神	nz
收益匪浅	a
不风趣	a
四川	ni
腓特烈大帝	nr
宋凤忠	nr
便宜	a
早睡	n
作弊风	nz
培根	nr
九江学院	ni
先讲	v
深层	a
小野	nr
风花雪月	an
不懂	a
狗日	a
安德烈	nr
白富美	nz
日知录	nz
还可以	a
武大	ni
自视甚高	a
什么用	a
发生	v
红会	nz
没希望	a
撸主	nz
不专业	a
宅男	nz
罗森塔尔	nr
到课率	nz
疗伤	vi
卖萌	a
杜凡森	nr
一头雾水	a
由浅入深	a
脑残	a
很多	a
蚁群	n
罗伯斯比尔	nr
唐风宋骨	nz
豪放派	nz
达芬奇	nr
最次	a
宋山木	nr
不合群	a
眼前一亮	a
大二	n
招生	v
一波接着一波	a
不够	adv
湖大	ni
有木有	v
没深度	a
华师	nl
有帮助	a
刚野	nr
宋迎嘉	nr
吉田	nr
细腿	a
果戈理	nr
高考	nz
肺疼	a
满堂灌	a
布坎南	nr
二货	nz
李开复	nr
太多	a
上大	ni
听完	vi
更新	n
不敢苟同	vi
柯南道尔	nr
学生	v
这本书	n
听懂	a
富二代	nz
给力	a
木有	v
严苛	a
亚历山大一世	nr
看懂	a
李美美	nr
公式化	a
经济实惠	a
对不住	vi
矮丑穷	nz
宋楚楚	nr
没意思	a
宋神宗	nr
盈盈	nr
宋鸿兵	nr
瞎想	v
小肚鸡肠	a
语速	n
中华烟	nz
师专	nz
史家	n
很一般	a
森健太郎	nr
两宋	nz
考霸	nz
太史公	nr
交大	ni
妹纸	nz
不理性地	d
露脸	v
不开心	a
楼至	nz
宋则	nr
旅行商	n
它女马	nz
坑爹	a
优酷	n
不自然	a
无韵	a
恒大	nz
不理性	a
艺术生	n
真题	a
尉缭	nr
森先生	nr
学霸	nz
穆弋	nr
萨缪尔森	nr
投票	v
唐宗	nr